// Jest Snapshot v1, https://goo.gl/fbAQLP

exports[`edit button tests should click 1`] = `
<CustomizedEditIcon
  onClickHandler={[MockFunction]}
  size="small"
>
  <WithStyles(ForwardRef(Tooltip))
    title="Редагувати"
  >
    <ForwardRef(Tooltip)
      classes={
        Object {
          "arrow": "MuiTooltip-arrow",
          "popper": "MuiTooltip-popper",
          "popperArrow": "MuiTooltip-popperArrow",
          "popperInteractive": "MuiTooltip-popperInteractive",
          "tooltip": "MuiTooltip-tooltip",
          "tooltipArrow": "MuiTooltip-tooltipArrow",
          "tooltipPlacementBottom": "MuiTooltip-tooltipPlacementBottom",
          "tooltipPlacementLeft": "MuiTooltip-tooltipPlacementLeft",
          "tooltipPlacementRight": "MuiTooltip-tooltipPlacementRight",
          "tooltipPlacementTop": "MuiTooltip-tooltipPlacementTop",
          "touch": "MuiTooltip-touch",
        }
      }
      title="Редагувати"
    >
      <WithStyles(ForwardRef(IconButton))
        aria-describedby={null}
        aria-label="Редагувати"
        className=""
        color="secondary"
        data-cy="edit-btn"
        onBlur={[Function]}
        onClick={[MockFunction]}
        onFocus={[Function]}
        onMouseLeave={[Function]}
        onMouseOver={[Function]}
        onTouchEnd={[Function]}
        onTouchStart={[Function]}
        title="Редагувати"
      >
        <ForwardRef(IconButton)
          aria-describedby={null}
          aria-label="Редагувати"
          className=""
          classes={
            Object {
              "colorInherit": "MuiIconButton-colorInherit",
              "colorPrimary": "MuiIconButton-colorPrimary",
              "colorSecondary": "MuiIconButton-colorSecondary",
              "disabled": "Mui-disabled",
              "edgeEnd": "MuiIconButton-edgeEnd",
              "edgeStart": "MuiIconButton-edgeStart",
              "label": "MuiIconButton-label",
              "root": "MuiIconButton-root",
              "sizeSmall": "MuiIconButton-sizeSmall",
            }
          }
          color="secondary"
          data-cy="edit-btn"
          onBlur={[Function]}
          onClick={[MockFunction]}
          onFocus={[Function]}
          onMouseLeave={[Function]}
          onMouseOver={[Function]}
          onTouchEnd={[Function]}
          onTouchStart={[Function]}
          title="Редагувати"
        >
          <WithStyles(ForwardRef(ButtonBase))
            aria-describedby={null}
            aria-label="Редагувати"
            centerRipple={true}
            className="MuiIconButton-root MuiIconButton-colorSecondary"
            data-cy="edit-btn"
            disabled={false}
            focusRipple={true}
            onBlur={[Function]}
            onClick={[MockFunction]}
            onFocus={[Function]}
            onMouseLeave={[Function]}
            onMouseOver={[Function]}
            onTouchEnd={[Function]}
            onTouchStart={[Function]}
            title="Редагувати"
          >
            <ForwardRef(ButtonBase)
              aria-describedby={null}
              aria-label="Редагувати"
              centerRipple={true}
              className="MuiIconButton-root MuiIconButton-colorSecondary"
              classes={
                Object {
                  "disabled": "Mui-disabled",
                  "focusVisible": "Mui-focusVisible",
                  "root": "MuiButtonBase-root",
                }
              }
              data-cy="edit-btn"
              disabled={false}
              focusRipple={true}
              onBlur={[Function]}
              onClick={[MockFunction]}
              onFocus={[Function]}
              onMouseLeave={[Function]}
              onMouseOver={[Function]}
              onTouchEnd={[Function]}
              onTouchStart={[Function]}
              title="Редагувати"
            >
              <button
                aria-describedby={null}
                aria-label="Редагувати"
                className="MuiButtonBase-root MuiIconButton-root MuiIconButton-colorSecondary"
                data-cy="edit-btn"
                disabled={false}
                onBlur={[Function]}
                onClick={[MockFunction]}
                onDragLeave={[Function]}
                onFocus={[Function]}
                onKeyDown={[Function]}
                onKeyUp={[Function]}
                onMouseDown={[Function]}
                onMouseLeave={[Function]}
                onMouseOver={[Function]}
                onMouseUp={[Function]}
                onTouchEnd={[Function]}
                onTouchMove={[Function]}
                onTouchStart={[Function]}
                tabIndex={0}
                title="Редагувати"
                type="button"
              >
                <span
                  className="MuiIconButton-label"
                >
                  <ForwardRef(EditIcon)
                    fontSize="small"
                  >
                    <WithStyles(ForwardRef(SvgIcon))
                      fontSize="small"
                    >
                      <ForwardRef(SvgIcon)
                        classes={
                          Object {
                            "colorAction": "MuiSvgIcon-colorAction",
                            "colorDisabled": "MuiSvgIcon-colorDisabled",
                            "colorError": "MuiSvgIcon-colorError",
                            "colorPrimary": "MuiSvgIcon-colorPrimary",
                            "colorSecondary": "MuiSvgIcon-colorSecondary",
                            "fontSizeInherit": "MuiSvgIcon-fontSizeInherit",
                            "fontSizeLarge": "MuiSvgIcon-fontSizeLarge",
                            "fontSizeSmall": "MuiSvgIcon-fontSizeSmall",
                            "root": "MuiSvgIcon-root",
                          }
                        }
                        fontSize="small"
                      >
                        <svg
                          aria-hidden={true}
                          className="MuiSvgIcon-root MuiSvgIcon-fontSizeSmall"
                          focusable="false"
                          viewBox="0 0 24 24"
                        >
                          <path
                            d="M3 17.25V21h3.75L17.81 9.94l-3.75-3.75L3 17.25zM20.71 7.04c.39-.39.39-1.02 0-1.41l-2.34-2.34a.9959.9959 0 00-1.41 0l-1.83 1.83 3.75 3.75 1.83-1.83z"
                          />
                        </svg>
                      </ForwardRef(SvgIcon)>
                    </WithStyles(ForwardRef(SvgIcon))>
                  </ForwardRef(EditIcon)>
                </span>
                <WithStyles(memo)
                  center={true}
                >
                  <ForwardRef(TouchRipple)
                    center={true}
                    classes={
                      Object {
                        "child": "MuiTouchRipple-child",
                        "childLeaving": "MuiTouchRipple-childLeaving",
                        "childPulsate": "MuiTouchRipple-childPulsate",
                        "ripple": "MuiTouchRipple-ripple",
                        "ripplePulsate": "MuiTouchRipple-ripplePulsate",
                        "rippleVisible": "MuiTouchRipple-rippleVisible",
                        "root": "MuiTouchRipple-root",
                      }
                    }
                  >
                    <span
                      className="MuiTouchRipple-root"
                    >
                      <TransitionGroup
                        childFactory={[Function]}
                        component={null}
                        exit={true}
                      />
                    </span>
                  </ForwardRef(TouchRipple)>
                </WithStyles(memo)>
              </button>
            </ForwardRef(ButtonBase)>
          </WithStyles(ForwardRef(ButtonBase))>
        </ForwardRef(IconButton)>
      </WithStyles(ForwardRef(IconButton))>
      <ForwardRef(Popper)
        anchorEl={
          <button
            aria-label="Редагувати"
            class="MuiButtonBase-root MuiIconButton-root MuiIconButton-colorSecondary"
            data-cy="edit-btn"
            tabindex="0"
            title="Редагувати"
            type="button"
          >
            <span
              class="MuiIconButton-label"
            >
              <svg
                aria-hidden="true"
                class="MuiSvgIcon-root MuiSvgIcon-fontSizeSmall"
                focusable="false"
                viewBox="0 0 24 24"
              >
                <path
                  d="M3 17.25V21h3.75L17.81 9.94l-3.75-3.75L3 17.25zM20.71 7.04c.39-.39.39-1.02 0-1.41l-2.34-2.34a.9959.9959 0 00-1.41 0l-1.83 1.83 3.75 3.75 1.83-1.83z"
                />
              </svg>
            </span>
            <span
              class="MuiTouchRipple-root"
            />
          </button>
        }
        className="MuiTooltip-popper"
        id={null}
        open={false}
        placement="bottom"
        popperOptions={
          Object {
            "modifiers": Object {
              "arrow": Object {
                "element": null,
                "enabled": false,
              },
            },
          }
        }
        transition={true}
      />
    </ForwardRef(Tooltip)>
  </WithStyles(ForwardRef(Tooltip))>
</CustomizedEditIcon>
`;
